[backblue.gif]
[fade.gif]
[index.html]
[sociedadvacunologia.org/index.html]
[emra570.wixsite.com/sdvweb.html]
[emra570.wixsite.com/c.1.delayed]
[emra570.wixsite.com/t.2.delayed]
[emra570.wixsite.com/index.html]
[emra570.wixsite.com/sdvweb/blog-feed.xml]
[emra570.wixsite.com/sdvweb/nosotros.html]
[emra570.wixsite.com/sdvweb/post/cutting-costs-maximizing-results.html]
[emra570.wixsite.com/sdvweb/post/10-ways-to-engage-with-your-clients.html]
[emra570.wixsite.com/sdvweb/post/how-to-stay-organized-at-work.html]
[emra570.wixsite.com/sdvweb/post/ways-to-improve-client-communication.html]
[emra570.wixsite.com/sdvweb/event-details/congreso-1.html]
[emra570.wixsite.com/sdvweb/event-details/conferencia-1.html]
[emra570.wixsite.com/sdvweb/event-details/simposio.html]
[emra570.wixsite.com/sitemap.c.delayed]
[emra570.wixsite.com/feed.d.delayed]
[emra570.wixsite.com/${i.e.delayed]
[emra570.wixsite.com/decodeURIComponent(e.f.delayed]
[emra570.wixsite.com/sdvweb.html]
[emra570.wixsite.com/c.html]
[emra570.wixsite.com/t.html]
[emra570.wixsite.com/index.html]
[emra570.wixsite.com/sdvweb/c.10.delayed]
[emra570.wixsite.com/sdvweb/t.11.delayed]
[emra570.wixsite.com/sdvweb/robots.12.delayed]
[emra570.wixsite.com/sdvweb/sitemap.xml]
[emra570.wixsite.com/sdvweb/feed.14.delayed]
[emra570.wixsite.com/sdvweb/${i.15.delayed]
[emra570.wixsite.com/sdvweb/decodeURIComponent(e.16.delayed]
[emra570.wixsite.com/sdvweb/nosotros.html]
[emra570.wixsite.com/sdvweb/post/c.17.delayed]
[emra570.wixsite.com/sdvweb/post/t.18.delayed]
[emra570.wixsite.com/sdvweb/inicio/hashtags/costefficiency.html]
[emra570.wixsite.com/sdvweb/inicio/hashtags/returns.html]
[emra570.wixsite.com/sdvweb/post/robots.1b.delayed]
[emra570.wixsite.com/sdvweb/post/sitemap.1c.delayed]
[emra570.wixsite.com/sdvweb/post/feed.1d.delayed]
[emra570.wixsite.com/sdvweb/post/${i.1e.delayed]
[emra570.wixsite.com/sdvweb/post/decodeURIComponent(e.1f.delayed]
[emra570.wixsite.com/sdvweb/post/cutting-costs-maximizing-results.html]
[emra570.wixsite.com/sdvweb/inicio/hashtags/customerengagement.html]
[emra570.wixsite.com/sdvweb/post/10-ways-to-engage-with-your-clients.html]
[emra570.wixsite.com/sdvweb/inicio/hashtags/clientsatisfaction.html]
[emra570.wixsite.com/sdvweb/inicio/hashtags/organization.html]
[emra570.wixsite.com/sdvweb/post/how-to-stay-organized-at-work.html]
[emra570.wixsite.com/sdvweb/post/ways-to-improve-client-communication.html]
[emra570.wixsite.com/sdvweb/inicio/hashtags/goodworkhabits.html]
[emra570.wixsite.com/sdvweb/event-details/robots.html]
[emra570.wixsite.com/sdvweb/event-details/sitemap.25.delayed]
[emra570.wixsite.com/sdvweb/event-details/feed.26.delayed]
[emra570.wixsite.com/sdvweb/event-details/${i.html]
[emra570.wixsite.com/sdvweb/event-details/congreso-1.html]
[emra570.wixsite.com/sdvweb/event-details/decodeURIComponent(e.html]
[emra570.wixsite.com/sdvweb/event-details/c.html]
[emra570.wixsite.com/sdvweb/event-details/conferencia-1.html]
[emra570.wixsite.com/sdvweb/event-details/simposio.html]
[emra570.wixsite.com/sitemap.html]
[emra570.wixsite.com/feed.html]
[emra570.wixsite.com/${i.html]
[emra570.wixsite.com/decodeURIComponent(e.html]
[emra570.wixsite.com/sdvweb/c.html]
[emra570.wixsite.com/sdvweb/t.html]
[emra570.wixsite.com/sdvweb/robots.html]
[emra570.wixsite.com/sdvweb/feed.html]
[emra570.wixsite.com/sdvweb/${i.html]
[emra570.wixsite.com/sdvweb/decodeURIComponent(e.html]
[emra570.wixsite.com/sdvweb/post/c.html]
[emra570.wixsite.com/sdvweb/post/t.html]
[emra570.wixsite.com/sdvweb/event-details/t.html]
[emra570.wixsite.com/sdvweb/inicio/hashtags/c.2b.delayed]
[emra570.wixsite.com/sdvweb/inicio/hashtags/t.2c.delayed]
[emra570.wixsite.com/sdvweb/inicio/hashtags/robots.html]
[emra570.wixsite.com/sdvweb/inicio/hashtags/sitemap.2e.delayed]
[emra570.wixsite.com/sdvweb/inicio/hashtags/feed.2f.delayed]
[emra570.wixsite.com/sdvweb/inicio/hashtags/${i.30.delayed]
[emra570.wixsite.com/sdvweb/inicio/hashtags/decodeURIComponent(e.31.delayed]
[emra570.wixsite.com/sdvweb/inicio/hashtags/costefficiency.html]
[emra570.wixsite.com/sdvweb/inicio/hashtags/returns.html]
[emra570.wixsite.com/sdvweb/post/robots.html]
[emra570.wixsite.com/sdvweb/post/sitemap.html]
[emra570.wixsite.com/sdvweb/post/feed.html]
[emra570.wixsite.com/sdvweb/post/${i.html]
[emra570.wixsite.com/sdvweb/post/decodeURIComponent(e.html]
[emra570.wixsite.com/sdvweb/inicio/hashtags/customerengagement.html]
[emra570.wixsite.com/sdvweb/inicio/hashtags/clientsatisfaction.html]
[emra570.wixsite.com/sdvweb/inicio/hashtags/organization.html]
[emra570.wixsite.com/sdvweb/inicio/hashtags/goodworkhabits.html]
[emra570.wixsite.com/sdvweb/event-details/robots.html]
[emra570.wixsite.com/sdvweb/event-details/sitemap.html]
[emra570.wixsite.com/sdvweb/event-details/feed.html]
[emra570.wixsite.com/sdvweb/event-details/${i.html]
[emra570.wixsite.com/sdvweb/event-details/decodeURIComponent(e.html]
[emra570.wixsite.com/sdvweb/event-details/c.html]
[emra570.wixsite.com/sdvweb/event-details/t.html]
[emra570.wixsite.com/sdvweb/inicio/hashtags/c.html]
[emra570.wixsite.com/sdvweb/inicio/hashtags/t.html]
[emra570.wixsite.com/sdvweb/inicio/hashtags/robots.html]
[emra570.wixsite.com/sdvweb/inicio/hashtags/sitemap.html]
[emra570.wixsite.com/sdvweb/inicio/hashtags/feed.html]
[emra570.wixsite.com/sdvweb/inicio/hashtags/${i.html]
[emra570.wixsite.com/sdvweb/inicio/hashtags/decodeURIComponent(e.html]
